###############################################################################
#
# IAR ELF Linker V8.32.1.169/W32 for ARM                  16/Oct/2020  11:51:06
# Copyright 2007-2018 IAR Systems AB.
#
#    Output file  =  
#        C:\Work\UW\Programs\Hello_World\EWARM\Hello_World\Exe\Hello_World.out
#    Map file     =  
#        C:\Work\UW\Programs\Hello_World\EWARM\Hello_World\List\Hello_World.map
#    Command line =  
#        -f C:\Users\ranaidu\AppData\Local\Temp\EWE9D8.tmp
#        (C:\Work\UW\Programs\Hello_World\EWARM\Hello_World\Obj\main.o
#        C:\Work\UW\Programs\Hello_World\EWARM\Hello_World\Obj\startup_stm32l475xx.o
#        C:\Work\UW\Programs\Hello_World\EWARM\Hello_World\Obj\stm32l4xx_hal.o
#        C:\Work\UW\Programs\Hello_World\EWARM\Hello_World\Obj\stm32l4xx_hal_cortex.o
#        C:\Work\UW\Programs\Hello_World\EWARM\Hello_World\Obj\stm32l4xx_hal_dma.o
#        C:\Work\UW\Programs\Hello_World\EWARM\Hello_World\Obj\stm32l4xx_hal_dma_ex.o
#        C:\Work\UW\Programs\Hello_World\EWARM\Hello_World\Obj\stm32l4xx_hal_exti.o
#        C:\Work\UW\Programs\Hello_World\EWARM\Hello_World\Obj\stm32l4xx_hal_flash.o
#        C:\Work\UW\Programs\Hello_World\EWARM\Hello_World\Obj\stm32l4xx_hal_flash_ex.o
#        C:\Work\UW\Programs\Hello_World\EWARM\Hello_World\Obj\stm32l4xx_hal_flash_ramfunc.o
#        C:\Work\UW\Programs\Hello_World\EWARM\Hello_World\Obj\stm32l4xx_hal_gpio.o
#        C:\Work\UW\Programs\Hello_World\EWARM\Hello_World\Obj\stm32l4xx_hal_i2c.o
#        C:\Work\UW\Programs\Hello_World\EWARM\Hello_World\Obj\stm32l4xx_hal_i2c_ex.o
#        C:\Work\UW\Programs\Hello_World\EWARM\Hello_World\Obj\stm32l4xx_hal_msp.o
#        C:\Work\UW\Programs\Hello_World\EWARM\Hello_World\Obj\stm32l4xx_hal_pwr.o
#        C:\Work\UW\Programs\Hello_World\EWARM\Hello_World\Obj\stm32l4xx_hal_pwr_ex.o
#        C:\Work\UW\Programs\Hello_World\EWARM\Hello_World\Obj\stm32l4xx_hal_rcc.o
#        C:\Work\UW\Programs\Hello_World\EWARM\Hello_World\Obj\stm32l4xx_hal_rcc_ex.o
#        C:\Work\UW\Programs\Hello_World\EWARM\Hello_World\Obj\stm32l4xx_hal_tim.o
#        C:\Work\UW\Programs\Hello_World\EWARM\Hello_World\Obj\stm32l4xx_hal_tim_ex.o
#        C:\Work\UW\Programs\Hello_World\EWARM\Hello_World\Obj\stm32l4xx_hal_uart.o
#        C:\Work\UW\Programs\Hello_World\EWARM\Hello_World\Obj\stm32l4xx_hal_uart_ex.o
#        C:\Work\UW\Programs\Hello_World\EWARM\Hello_World\Obj\stm32l4xx_it.o
#        C:\Work\UW\Programs\Hello_World\EWARM\Hello_World\Obj\system_stm32l4xx.o
#        --redirect _Printf=_PrintfFull --redirect _Scanf=_ScanfFull
#        --no_out_extension -o
#        C:\Work\UW\Programs\Hello_World\EWARM\Hello_World\Exe\Hello_World.out
#        --map
#        C:\Work\UW\Programs\Hello_World\EWARM\Hello_World\List\Hello_World.map
#        --config C:\Work\UW\Programs\Hello_World\EWARM/stm32l475xx_flash.icf
#        --semihosting --entry __iar_program_start --vfe --text_out locale)
#
###############################################################################

*******************************************************************************
*** RUNTIME MODEL ATTRIBUTES
***

CppFlavor       = *
__SystemLibrary = DLib
__dlib_version  = 6


*******************************************************************************
*** HEAP SELECTION
***

The basic heap was selected because no calls to memory allocation
functions were found in the application outside of system library
functions, and there are calls to deallocation functions in the
application.


*******************************************************************************
*** PLACEMENT SUMMARY
***

"A0":  place at 0x800'0000 { ro section .intvec };
"P1":  place in [from 0x800'0000 to 0x80f'ffff] { ro };
define block CSTACK with size = 1K, alignment = 8 { };
define block HEAP with size = 512, alignment = 8 { };
"P2":  place in [from 0x2000'0000 to 0x2001'7fff] {
          rw, block CSTACK, block HEAP };
"P3":  place in [from 0x2000'0000 to 0x2001'7fff] { };
initialize by copy { rw };

  Section            Kind         Address    Size  Object
  -------            ----         -------    ----  ------
"A0":                                       0x188
  .intvec            ro code   0x800'0000   0x188  startup_stm32l475xx.o [1]
                             - 0x800'0188   0x188

"P1":                                      0x1d60
  .text              ro code   0x800'0188   0x734  stm32l4xx_hal_rcc.o [1]
  .text              ro code   0x800'08bc    0x44  stm32l4xx_hal.o [1]
  .text              ro code   0x800'0900     0xc  stm32l4xx_hal.o [1]
  .text              ro code   0x800'090c    0x88  stm32l4xx_hal_pwr_ex.o [1]
  .text              ro code   0x800'0994    0xac  stm32l4xx_hal_cortex.o [1]
  .text              ro code   0x800'0a40   0x59e  stm32l4xx_hal_uart.o [1]
  .text              ro code   0x800'0fe0    0x98  stm32l4xx_hal_msp.o [1]
  .text              ro code   0x800'1078   0x106  I64DivMod_small.o [4]
  .text              ro code   0x800'1180     0x6  ABImemclr4.o [4]
  .text              ro code   0x800'1188   0x1fc  stm32l4xx_hal_gpio.o [1]
  .text              ro code   0x800'1384     0x2  I64DivZer.o [4]
  .text              ro code   0x800'1388    0x32  ABImemset48.o [4]
  .text              ro code   0x800'13bc   0x538  stm32l4xx_hal_rcc_ex.o [1]
  .text              ro code   0x800'18f4   0x174  main.o [1]
  .text              ro code   0x800'1a68    0x1e  stm32l4xx_hal.o [1]
  .text              ro code   0x800'1a88    0x28  stm32l4xx_hal.o [1]
  .text              ro code   0x800'1ab0    0x18  ABImemcpy_small.o [4]
  .rodata            const     0x800'1ac8    0xcc  main.o [1]
  .text              ro code   0x800'1b94    0x5c  system_stm32l4xx.o [1]
  .text              ro code   0x800'1bf0    0x38  packbits_init_single.o [4]
  .rodata            const     0x800'1c28    0x30  system_stm32l4xx.o [1]
  .text              ro code   0x800'1c58    0x28  data_init.o [4]
  .text              ro code   0x800'1c80    0x22  fpinit_M.o [3]
  .iar.init_table    const     0x800'1ca4    0x10  - Linker created -
  .text              ro code   0x800'1cb4    0x1e  cmain.o [4]
  .text              ro code   0x800'1cd2     0x4  low_level_init.o [2]
  .text              ro code   0x800'1cd6     0x4  exit.o [2]
  .text              ro code   0x800'1cdc     0xa  cexit.o [4]
  .text              ro code   0x800'1ce8    0x14  exit.o [5]
  .text              ro code   0x800'1cfc    0x14  stm32l4xx_it.o [1]
  .text              ro code   0x800'1d10    0x10  stm32l4xx_hal.o [1]
  .text              ro code   0x800'1d20    0x10  startup_stm32l475xx.o [1]
  .text              ro code   0x800'1d30     0xc  cstartup_M.o [4]
  .rodata            const     0x800'1d3c     0x8  system_stm32l4xx.o [1]
  .text              ro code   0x800'1d44     0x4  startup_stm32l475xx.o [1]
  .text              ro code   0x800'1d48     0x4  startup_stm32l475xx.o [1]
  .text              ro code   0x800'1d4c     0x4  startup_stm32l475xx.o [1]
  .text              ro code   0x800'1d50     0x4  startup_stm32l475xx.o [1]
  .text              ro code   0x800'1d54     0x4  startup_stm32l475xx.o [1]
  .text              ro code   0x800'1d58     0x4  startup_stm32l475xx.o [1]
  .text              ro code   0x800'1d5c     0x4  startup_stm32l475xx.o [1]
  .text              ro code   0x800'1d60     0x4  startup_stm32l475xx.o [1]
  .text              ro code   0x800'1d64     0x4  startup_stm32l475xx.o [1]
  .text              ro code   0x800'1d68     0x4  startup_stm32l475xx.o [1]
  .text              ro code   0x800'1d6c     0x4  startup_stm32l475xx.o [1]
  .text              ro code   0x800'1d70     0x4  startup_stm32l475xx.o [1]
  .text              ro code   0x800'1d74     0x4  startup_stm32l475xx.o [1]
  .text              ro code   0x800'1d78     0x4  startup_stm32l475xx.o [1]
  .text              ro code   0x800'1d7c     0x4  startup_stm32l475xx.o [1]
  .text              ro code   0x800'1d80     0x4  startup_stm32l475xx.o [1]
  .text              ro code   0x800'1d84     0x4  startup_stm32l475xx.o [1]
  .text              ro code   0x800'1d88     0x4  startup_stm32l475xx.o [1]
  .text              ro code   0x800'1d8c     0x4  startup_stm32l475xx.o [1]
  .text              ro code   0x800'1d90     0x4  startup_stm32l475xx.o [1]
  .text              ro code   0x800'1d94     0x4  startup_stm32l475xx.o [1]
  .text              ro code   0x800'1d98     0x4  startup_stm32l475xx.o [1]
  .text              ro code   0x800'1d9c     0x4  startup_stm32l475xx.o [1]
  .text              ro code   0x800'1da0     0x4  startup_stm32l475xx.o [1]
  .text              ro code   0x800'1da4     0x4  startup_stm32l475xx.o [1]
  .text              ro code   0x800'1da8     0x4  startup_stm32l475xx.o [1]
  .text              ro code   0x800'1dac     0x4  startup_stm32l475xx.o [1]
  .text              ro code   0x800'1db0     0x4  startup_stm32l475xx.o [1]
  .text              ro code   0x800'1db4     0x4  startup_stm32l475xx.o [1]
  .text              ro code   0x800'1db8     0x4  startup_stm32l475xx.o [1]
  .text              ro code   0x800'1dbc     0x4  startup_stm32l475xx.o [1]
  .text              ro code   0x800'1dc0     0x4  startup_stm32l475xx.o [1]
  .text              ro code   0x800'1dc4     0x4  startup_stm32l475xx.o [1]
  .text              ro code   0x800'1dc8     0x4  startup_stm32l475xx.o [1]
  .text              ro code   0x800'1dcc     0x4  startup_stm32l475xx.o [1]
  .text              ro code   0x800'1dd0     0x4  startup_stm32l475xx.o [1]
  .text              ro code   0x800'1dd4     0x4  startup_stm32l475xx.o [1]
  .text              ro code   0x800'1dd8     0x4  startup_stm32l475xx.o [1]
  .text              ro code   0x800'1ddc     0x4  startup_stm32l475xx.o [1]
  .text              ro code   0x800'1de0     0x4  startup_stm32l475xx.o [1]
  .text              ro code   0x800'1de4     0x4  startup_stm32l475xx.o [1]
  .text              ro code   0x800'1de8     0x4  startup_stm32l475xx.o [1]
  .text              ro code   0x800'1dec     0x4  startup_stm32l475xx.o [1]
  .text              ro code   0x800'1df0     0x4  startup_stm32l475xx.o [1]
  .text              ro code   0x800'1df4     0x4  startup_stm32l475xx.o [1]
  .text              ro code   0x800'1df8     0x4  startup_stm32l475xx.o [1]
  .text              ro code   0x800'1dfc     0x4  startup_stm32l475xx.o [1]
  .text              ro code   0x800'1e00     0x4  startup_stm32l475xx.o [1]
  .text              ro code   0x800'1e04     0x4  startup_stm32l475xx.o [1]
  .text              ro code   0x800'1e08     0x4  startup_stm32l475xx.o [1]
  .text              ro code   0x800'1e0c     0x4  startup_stm32l475xx.o [1]
  .text              ro code   0x800'1e10     0x4  startup_stm32l475xx.o [1]
  .text              ro code   0x800'1e14     0x4  startup_stm32l475xx.o [1]
  .text              ro code   0x800'1e18     0x4  startup_stm32l475xx.o [1]
  .text              ro code   0x800'1e1c     0x4  startup_stm32l475xx.o [1]
  .text              ro code   0x800'1e20     0x4  startup_stm32l475xx.o [1]
  .text              ro code   0x800'1e24     0x4  startup_stm32l475xx.o [1]
  .text              ro code   0x800'1e28     0x4  startup_stm32l475xx.o [1]
  .text              ro code   0x800'1e2c     0x4  startup_stm32l475xx.o [1]
  .text              ro code   0x800'1e30     0x4  startup_stm32l475xx.o [1]
  .text              ro code   0x800'1e34     0x4  startup_stm32l475xx.o [1]
  .text              ro code   0x800'1e38     0x4  startup_stm32l475xx.o [1]
  .text              ro code   0x800'1e3c     0x4  startup_stm32l475xx.o [1]
  .text              ro code   0x800'1e40     0x4  startup_stm32l475xx.o [1]
  .text              ro code   0x800'1e44     0x4  startup_stm32l475xx.o [1]
  .text              ro code   0x800'1e48     0x4  startup_stm32l475xx.o [1]
  .text              ro code   0x800'1e4c     0x4  startup_stm32l475xx.o [1]
  .text              ro code   0x800'1e50     0x4  startup_stm32l475xx.o [1]
  .text              ro code   0x800'1e54     0x4  startup_stm32l475xx.o [1]
  .text              ro code   0x800'1e58     0x4  startup_stm32l475xx.o [1]
  .text              ro code   0x800'1e5c     0x4  startup_stm32l475xx.o [1]
  .text              ro code   0x800'1e60     0x4  startup_stm32l475xx.o [1]
  .text              ro code   0x800'1e64     0x4  startup_stm32l475xx.o [1]
  .text              ro code   0x800'1e68     0x4  startup_stm32l475xx.o [1]
  .text              ro code   0x800'1e6c     0x4  startup_stm32l475xx.o [1]
  .text              ro code   0x800'1e70     0x4  startup_stm32l475xx.o [1]
  .text              ro code   0x800'1e74     0x4  startup_stm32l475xx.o [1]
  .text              ro code   0x800'1e78     0x4  startup_stm32l475xx.o [1]
  .text              ro code   0x800'1e7c     0x4  startup_stm32l475xx.o [1]
  .text              ro code   0x800'1e80     0x4  startup_stm32l475xx.o [1]
  .rodata            const     0x800'1e84     0x0  packbits_init_single.o [4]
  Initializer bytes  const     0x800'1e84    0x64  <for P2-P3-1>
                             - 0x800'1ee8  0x1d60

"P2-P3", part 1 of 2:                        0xe4
  P2-P3-1                     0x2000'0000    0xe4  <Init block>
    .data            inited   0x2000'0000    0xd4  main.o [1]
    .data            inited   0x2000'00d4     0xc  stm32l4xx_hal.o [1]
    .data            inited   0x2000'00e0     0x4  system_stm32l4xx.o [1]
                            - 0x2000'00e4    0xe4

"P2-P3", part 2 of 2:                       0x400
  CSTACK                      0x2000'00e8   0x400  <Block>
    CSTACK           uninit   0x2000'00e8   0x400  <Block tail>
                            - 0x2000'04e8   0x400

Unused ranges:

         From           To      Size
         ----           --      ----
   0x800'1ee8   0x80f'ffff  0xf'e118
  0x2000'00e4  0x2000'00e7       0x4
  0x2000'04e8  0x2001'7fff  0x1'7b18


*******************************************************************************
*** INIT TABLE
***

          Address      Size
          -------      ----
Copy/packbits (__iar_packbits_init_single3)
    1 source range, total size 0x64 (43% of destination):
           0x800'1e84  0x64
    1 destination range, total size 0xe4:
          0x2000'0000  0xe4



*******************************************************************************
*** MODULE SUMMARY
***

    Module                  ro code  ro data  rw data
    ------                  -------  -------  -------
command line/config:
    -------------------------------------------------
    Total:

C:\Work\UW\Programs\Hello_World\EWARM\Hello_World\Obj: [1]
    main.o                      372      296      212
    startup_stm32l475xx.o       728
    stm32l4xx_hal.o             166        6       12
    stm32l4xx_hal_cortex.o      172
    stm32l4xx_hal_gpio.o        508
    stm32l4xx_hal_msp.o         152
    stm32l4xx_hal_pwr_ex.o      136
    stm32l4xx_hal_rcc.o       1 844
    stm32l4xx_hal_rcc_ex.o    1 336
    stm32l4xx_hal_uart.o      1 438
    stm32l4xx_it.o               20
    system_stm32l4xx.o           92       58        4
    -------------------------------------------------
    Total:                    6 964      360      228

dl7M_tln.a: [2]
    exit.o                        4
    low_level_init.o              4
    -------------------------------------------------
    Total:                        8

m7M_tls.a: [3]
    fpinit_M.o                   34
    -------------------------------------------------
    Total:                       34

rt7M_tl.a: [4]
    ABImemclr4.o                  6
    ABImemcpy_small.o            24
    ABImemset48.o                50
    I64DivMod_small.o           262
    I64DivZer.o                   2
    cexit.o                      10
    cmain.o                      30
    cstartup_M.o                 12
    data_init.o                  40
    packbits_init_single.o       56
    -------------------------------------------------
    Total:                      492

shb_l.a: [5]
    exit.o                       20
    -------------------------------------------------
    Total:                       20

    Gaps                         16        2
    Linker created                        16    1 024
-----------------------------------------------------
    Grand Total:              7 534      378    1 252


*******************************************************************************
*** ENTRY LIST
***

Entry                       Address   Size  Type      Object
-----                       -------   ----  ----      ------
.iar.init_table$$Base    0x800'1ca4          --   Gb  - Linker created -
.iar.init_table$$Limit   0x800'1cb4          --   Gb  - Linker created -
?main                    0x800'1cb5         Code  Gb  cmain.o [4]
AHBPrescTable            0x800'1be0   0x10  Data  Gb  system_stm32l4xx.o [1]
APBPrescTable            0x800'1d3c    0x8  Data  Gb  system_stm32l4xx.o [1]
BusFault_Handler         0x800'1d03    0x2  Code  Gb  stm32l4xx_it.o [1]
CSTACK$$Base            0x2000'00e8          --   Gb  - Linker created -
CSTACK$$Limit           0x2000'04e8          --   Gb  - Linker created -
DebugMon_Handler         0x800'1d09    0x2  Code  Gb  stm32l4xx_it.o [1]
HAL_Delay                0x800'1a89   0x28  Code  Wk  stm32l4xx_hal.o [1]
HAL_GPIO_Init            0x800'1189  0x1c0  Code  Gb  stm32l4xx_hal_gpio.o [1]
HAL_GPIO_TogglePin       0x800'1353    0xe  Code  Gb  stm32l4xx_hal_gpio.o [1]
HAL_GPIO_WritePin        0x800'1349    0xa  Code  Gb  stm32l4xx_hal_gpio.o [1]
HAL_GetTick              0x800'0901    0xc  Code  Wk  stm32l4xx_hal.o [1]
HAL_IncTick              0x800'1d11   0x10  Code  Wk  stm32l4xx_hal.o [1]
HAL_Init                 0x800'1a69   0x1e  Code  Gb  stm32l4xx_hal.o [1]
HAL_InitTick             0x800'08bd   0x44  Code  Wk  stm32l4xx_hal.o [1]
HAL_MspInit              0x800'0fe1   0x2c  Code  Gb  stm32l4xx_hal_msp.o [1]
HAL_NVIC_SetPriority     0x800'09c9   0x3a  Code  Gb  stm32l4xx_hal_cortex.o [1]
HAL_NVIC_SetPriorityGrouping
                         0x800'09af   0x1a  Code  Gb  stm32l4xx_hal_cortex.o [1]
HAL_PWREx_ControlVoltageScaling
                         0x800'0919   0x5e  Code  Gb  stm32l4xx_hal_pwr_ex.o [1]
HAL_PWREx_GetVoltageRange
                         0x800'090d    0xc  Code  Gb  stm32l4xx_hal_pwr_ex.o [1]
HAL_RCCEx_PeriphCLKConfig
                         0x800'13bd  0x324  Code  Gb  stm32l4xx_hal_rcc_ex.o [1]
HAL_RCC_ClockConfig      0x800'0637  0x100  Code  Gb  stm32l4xx_hal_rcc.o [1]
HAL_RCC_GetPCLK1Freq     0x800'07dd   0x10  Code  Gb  stm32l4xx_hal_rcc.o [1]
HAL_RCC_GetPCLK2Freq     0x800'07ed    0xe  Code  Gb  stm32l4xx_hal_rcc.o [1]
HAL_RCC_GetSysClockFreq
                         0x800'074b   0x92  Code  Gb  stm32l4xx_hal_rcc.o [1]
HAL_RCC_OscConfig        0x800'0189  0x46e  Code  Gb  stm32l4xx_hal_rcc.o [1]
HAL_SYSTICK_Config       0x800'0a03   0x28  Code  Gb  stm32l4xx_hal_cortex.o [1]
HAL_UART_Init            0x800'0a41   0x30  Code  Gb  stm32l4xx_hal_uart.o [1]
HAL_UART_MspInit         0x800'100d   0x5c  Code  Gb  stm32l4xx_hal_msp.o [1]
HAL_UART_Transmit        0x800'0ac1   0xba  Code  Gb  stm32l4xx_hal_uart.o [1]
HardFault_Handler        0x800'1cff    0x2  Code  Gb  stm32l4xx_it.o [1]
MSIRangeTable            0x800'1c28   0x30  Data  Gb  system_stm32l4xx.o [1]
MemManage_Handler        0x800'1d01    0x2  Code  Gb  stm32l4xx_it.o [1]
NMI_Handler              0x800'1cfd    0x2  Code  Gb  stm32l4xx_it.o [1]
PendSV_Handler           0x800'1d0b    0x2  Code  Gb  stm32l4xx_it.o [1]
RCCEx_PLLSAI1_Config     0x800'16fb   0xc8  Code  Lc  stm32l4xx_hal_rcc_ex.o [1]
RCCEx_PLLSAI2_Config     0x800'17c9   0xac  Code  Lc  stm32l4xx_hal_rcc_ex.o [1]
RCC_SetFlashLatencyFromMSIRange
                         0x800'0805   0x74  Code  Lc  stm32l4xx_hal_rcc.o [1]
Region$$Table$$Base      0x800'1ca4          --   Gb  - Linker created -
Region$$Table$$Limit     0x800'1cb4          --   Gb  - Linker created -
SVC_Handler              0x800'1d07    0x2  Code  Gb  stm32l4xx_it.o [1]
SysTick_Handler          0x800'1d0d    0x4  Code  Gb  stm32l4xx_it.o [1]
SystemClock_Config       0x800'19cf   0x84  Code  Gb  main.o [1]
SystemCoreClock         0x2000'00e0    0x4  Data  Gb  system_stm32l4xx.o [1]
SystemInit               0x800'1b95   0x3c  Code  Gb  system_stm32l4xx.o [1]
UART_AdvFeatureConfig    0x800'0e31   0xc6  Code  Gb  stm32l4xx_hal_uart.o [1]
UART_CheckIdleState      0x800'0ef7   0x5a  Code  Gb  stm32l4xx_hal_uart.o [1]
UART_SetConfig           0x800'0b7d  0x276  Code  Gb  stm32l4xx_hal_uart.o [1]
UART_WaitOnFlagUntilTimeout
                         0x800'0f51   0x78  Code  Gb  stm32l4xx_hal_uart.o [1]
UsageFault_Handler       0x800'1d05    0x2  Code  Gb  stm32l4xx_it.o [1]
__NVIC_SetPriority       0x800'0995   0x1a  Code  Lc  stm32l4xx_hal_cortex.o [1]
__aeabi_ldiv0            0x800'1385         Code  Gb  I64DivZer.o [4]
__aeabi_memclr4          0x800'1181         Code  Gb  ABImemclr4.o [4]
__cmain                  0x800'1cb5         Code  Gb  cmain.o [4]
__exit                   0x800'1ce9   0x14  Code  Gb  exit.o [5]
__iar_Memset4_word       0x800'1389         Code  Gb  ABImemset48.o [4]
__iar_Memset8_word       0x800'1389         Code  Gb  ABImemset48.o [4]
__iar_data_init3         0x800'1c59   0x28  Code  Gb  data_init.o [4]
__iar_init_vfp           0x800'1c81         Code  Gb  fpinit_M.o [3]
__iar_packbits_init_single3
                         0x800'1bf1   0x38  Code  Gb  packbits_init_single.o [4]
__iar_program_start      0x800'1d31         Code  Gb  cstartup_M.o [4]
__iar_small_Memcpy       0x800'1ab5         Code  Gb  ABImemcpy_small.o [4]
__iar_small_memcpy       0x800'1ab1         Code  Gb  ABImemcpy_small.o [4]
__iar_small_memcpy4      0x800'1ab1         Code  Gb  ABImemcpy_small.o [4]
__iar_small_memcpy8      0x800'1ab1         Code  Gb  ABImemcpy_small.o [4]
__iar_small_uldivmod     0x800'1079         Code  Gb  I64DivMod_small.o [4]
__low_level_init         0x800'1cd3    0x4  Code  Gb  low_level_init.o [2]
__vector_table           0x800'0000         Data  Gb  startup_stm32l475xx.o [1]
_call_main               0x800'1cc1         Code  Gb  cmain.o [4]
_exit                    0x800'1cdd         Code  Gb  cexit.o [4]
_main                    0x800'1ccf         Code  Gb  cmain.o [4]
exit                     0x800'1cd7    0x4  Code  Gb  exit.o [2]
huart1                  0x2000'0000   0x80  Data  Gb  main.o [1]
main                     0x800'18f5   0xc0  Code  Gb  main.o [1]
myTxData                0x2000'0080   0x54  Data  Gb  main.o [1]
uwTick                  0x2000'00d4    0x4  Data  Gb  stm32l4xx_hal.o [1]
uwTickFreq              0x2000'00dc    0x4  Data  Gb  stm32l4xx_hal.o [1]
uwTickPrio              0x2000'00d8    0x4  Data  Gb  stm32l4xx_hal.o [1]


[1] = C:\Work\UW\Programs\Hello_World\EWARM\Hello_World\Obj
[2] = dl7M_tln.a
[3] = m7M_tls.a
[4] = rt7M_tl.a
[5] = shb_l.a

  7 534 bytes of readonly  code memory
    378 bytes of readonly  data memory
  1 252 bytes of readwrite data memory

Errors: none
Warnings: none
